,-----.        ,--.  ,--.  ,--.
|  |) /_,--.,--|  |-.|  |-.|  |,---.,--.   ,--,--.--.,--,--.,---.
|  .-.  |  ||  | .-. | .-. |  | .-. |  |.'.|  |  .--' ,-.  | .-. |
|  '--' '  ''  | `-' | `-' |  \   --|   .'.   |  |  \ '-'  | '-' '
`------' `----' `---' `---'`--'`----'--'   '--`--'   `--`--|  |-'
                                                           `--'    
? 
No checksum file was found to verify the state of the twa-manifest.json file.
To make sure your project is up-to-date, would you like to regenerate your 
project?
If you are sure your project is updated and you have already run bubblewrap 
update
then you may enter "no" (Y/n) [30D[30C[2K[1A[2K[1A[2K[1A[2K[1A[2K[1A[2K[1A[2K[G? 
No checksum file was found to verify the state of the twa-manifest.json file.
To make sure your project is up-to-date, would you like to regenerate your 
project?
If you are sure your project is updated and you have already run bubblewrap 
update
then you may enter "no" (Y/n) p[31D[31C[2K[1A[2K[1A[2K[1A[2K[1A[2K[1A[2K[1A[2K[G? 
No checksum file was found to verify the state of the twa-manifest.json file.
To make sure your project is up-to-date, would you like to regenerate your 
project?
If you are sure your project is updated and you have already run bubblewrap 
update
then you may enter "no" (Y/n) pa[32D[32C[2K[1A[2K[1A[2K[1A[2K[1A[2K[1A[2K[1A[2K[G? 
No checksum file was found to verify the state of the twa-manifest.json file.
To make sure your project is up-to-date, would you like to regenerate your 
project?
If you are sure your project is updated and you have already run bubblewrap 
update
then you may enter "no" (Y/n) pas[33D[33C[2K[1A[2K[1A[2K[1A[2K[1A[2K[1A[2K[1A[2K[G? 
No checksum file was found to verify the state of the twa-manifest.json file.
To make sure your project is up-to-date, would you like to regenerate your 
project?
If you are sure your project is updated and you have already run bubblewrap 
update
then you may enter "no" (Y/n) pass[34D[34C[2K[1A[2K[1A[2K[1A[2K[1A[2K[1A[2K[1A[2K[G? 
No checksum file was found to verify the state of the twa-manifest.json file.
To make sure your project is up-to-date, would you like to regenerate your 
project?
If you are sure your project is updated and you have already run bubblewrap 
update
then you may enter "no" (Y/n) passw[35D[35C[2K[1A[2K[1A[2K[1A[2K[1A[2K[1A[2K[1A[2K[G? 
No checksum file was found to verify the state of the twa-manifest.json file.
To make sure your project is up-to-date, would you like to regenerate your 
project?
If you are sure your project is updated and you have already run bubblewrap 
update
then you may enter "no" (Y/n) passwo[36D[36C[2K[1A[2K[1A[2K[1A[2K[1A[2K[1A[2K[1A[2K[G? 
No checksum file was found to verify the state of the twa-manifest.json file.
To make sure your project is up-to-date, would you like to regenerate your 
project?
If you are sure your project is updated and you have already run bubblewrap 
update
then you may enter "no" (Y/n) passwor[37D[37C[2K[1A[2K[1A[2K[1A[2K[1A[2K[1A[2K[1A[2K[G? 
No checksum file was found to verify the state of the twa-manifest.json file.
To make sure your project is up-to-date, would you like to regenerate your 
project?
If you are sure your project is updated and you have already run bubblewrap 
update
then you may enter "no" (Y/n) password[38D[38C[2K[1A[2K[1A[2K[1A[2K[1A[2K[1A[2K[1A[2K[G? 
No checksum file was found to verify the state of the twa-manifest.json file.
To make sure your project is up-to-date, would you like to regenerate your 
project?
If you are sure your project is updated and you have already run bubblewrap 
update
then you may enter "no" (Y/n) password1[39D[39C[2K[1A[2K[1A[2K[1A[2K[1A[2K[1A[2K[1A[2K[G? 
No checksum file was found to verify the state of the twa-manifest.json file.
To make sure your project is up-to-date, would you like to regenerate your 
project?
If you are sure your project is updated and you have already run bubblewrap 
update
then you may enter "no" (Y/n) password12[40D[40C[2K[1A[2K[1A[2K[1A[2K[1A[2K[1A[2K[1A[2K[G? 
No checksum file was found to verify the state of the twa-manifest.json file.
To make sure your project is up-to-date, would you like to regenerate your 
project?
If you are sure your project is updated and you have already run bubblewrap 
update
then you may enter "no" (Y/n) password123[41D[41C[2K[1A[2K[1A[2K[1A[2K[1A[2K[1A[2K[1A[2K[G? 
No checksum file was found to verify the state of the twa-manifest.json file.
To make sure your project is up-to-date, would you like to regenerate your 
project?
If you are sure your project is updated and you have already run bubblewrap 
update
then you may enter "no" No[26D[26C
password123
password123
password123

Project build will continue without regenerating project even though no checksum file was found.
Please, enter passwords for the keystore ./android.keystore and alias androidkey.

? Password for the Key Store: [30D[30C